---
source: umol-models-graph/tests/mol_parsing/mod.rs
expression: summary
---
atom_count: 108
bond_count: 96
sum_formula: C58H4N13O19P14-3
graph6: ~?@k???????????????????@??C??G??O??C??@???G???_??@???@????_???G???@????G????G????G????C????A?????G?????_????@?????@?????@?????@??????_??????C??????O??????G??????C??????@???????G??????@???????O???????@???????@????????G???????@????????C????????O????????G????????C????????@?????????G????????C?????????@?????????A??????????_?????????G?????????@??????????G??????????G??????????G??????????C??????????A??????????@????????????_??????????A???????????@????????????_???????????G???????????A????????????_????????????G????????????O????????????C????????????@?????????????G????????????C_????????????@?????????????@?????????????@??????????????G?????????????@??????????????C??????????????G??????????????G??????????????C??????????????P???????????????O??????????????C???????????????@???????????????@??????????????@?_??????????????O???????????????O???????????????C????????????????_???????????????O???????????G????????????C?????????????????????????????G?????????????????_????????????????A
