---
source: umol-models-graph/tests/mol_parsing/mod.rs
expression: summary
---
atom_count: 60
bond_count: 90
sum_formula: C60
graph6: "{KQ?GQ?A?_C??P?aC??C?@?@???A?O_????????G@_O?A?c?G?G???C????G???@??C_???@?O?@??????_???@B???@??o?C??O?@???_??C?????O???_?C?????G???@?????O?????_?G????C?O????_???????G??????@????????I???????I??????CG??????G????????OG?????A?_??????_G?????????G???????CG???????AC???????G_????????D????????G?_????????L"
