---
source: umol-models-graph/tests/mol_parsing/mod.rs
expression: summary
---
atom_count: 50
bond_count: 52
sum_formula: C36N6O8
graph6: qhEIA?GC?_C?G?@?O?C??@???????G??C??@???G??G_C?O???C???G???C???A????O????G???G????G?????G????????????_????@?????@??????_????AG???C?O??????O?????@??????C??????C??????C??????@???????@??????A???????C????????G??
