---
source: umol-models-graph/tests/mol_parsing/mod.rs
expression: summary
---
atom_count: 53
bond_count: 56
sum_formula: C21H28O4
graph6: t??GOCCa?A?_?K?_GG_G??A??@G?O??O?__????_??OA??B???GA????O???A????G????O????G????G????A?????_????A?????G?????C?????C?????A??????G?????@??????A??????C??????A??????@???????O???????_??????A????_??????????A????????O???????C????????_????
