---
source: umol-models-graph/tests/mol_parsing/mod.rs
expression: summary
---
atom_count: 89
bond_count: 93
sum_formula: C69H5BeLrMgN3NbO2PbSSn+2
graph6: "~?@XhCSGGA_@??A?@?@??O????C?AG?@_??`?????O????_??@???@????_???O???@????C???GO???@?????C????A?????G?????_??G???????@?????@??????G?????A??????C??????G??????O??????G??????C???????O??????A???????@???????A???????@????????_???????@????????G????????O????????_????????G????????@?????????G?????????_????????@?????C???@????@???????????????O?????????G???@?????????@??????????????????G??????????C??????????@???????????O???????????_??????????@???????????@???????????@????????????G???????????A????????????_?O???????????????????????G????????????C????????????@?????????????G?????????????_????????????@?????????????P??????????????_?????????????_?????????????O?????????????G?"
