---
source: umol-models-graph/tests/mol_parsing/mod.rs
expression: summary
---
atom_count: 77
bond_count: 78
sum_formula: C28H37N5O7
graph6: "~?@L???????????????_GO@???O?@CA?_??`_?_???O`?????A???C?C?A??_?????@???@????A?????_OO?@?????K?A????G_???_????O?????_?????@??????OC????B??_?????A??????A??????@???????O?????O????????O??????@???????A???????@????????_???????G????????O???????@??????@???????????G????????A?????????O????????A?????????C?????????C?????????C?????G??????????????O?????????@???????O?????????????@???????????_??????????O??????A???????????G???????????_??????????????@????????????_???????????G???????????@???????_???????????"
