---
source: umol-models-graph/tests/mol_parsing/mod.rs
expression: summary
---
atom_count: 60
bond_count: 60
sum_formula: C60
graph6: "{Y_W??B?OC?B??????W?A??_??W????????B???O??C???B????????????W???A????_????W??????????????B?????O????C?????B??????????????????W?????A??????_??????W????????????????????B???????O??????C???????B????????????????????????W???????A????????_????????W??????????????????????????B?????????O????????C?????????B"
