---
source: umol-models-graph/tests/mol_parsing/mod.rs
expression: summary
---
atom_count: 45
bond_count: 58
sum_formula: C37H4FeNP2
graph6: "l}iW??@?G?_@?P?A??G?@??G??G??G??c??????G??@???????@????_???G???@???@C????_????GC?@?G????A?????_?????_????@?????H_?????O?????K?A???@_??G??E?????@G?????A??????@???????C"
