---
source: umol-models-graph/tests/mol_parsing/mod.rs
expression: summary
---
atom_count: 60
bond_count: 90
sum_formula: C60
graph6: "{sP@P?OC?O?c@??_?I?A??G??OG?S??O??C???_G?A_??GG??G???C?_?@????G????_???@?G??@@????_????G????@?G???C_????G?????G?????C?_???@G?????G??????_?????@?G????@G??????__?????G??????@?G?????CO??????GC??????G???????C?_??????_O??????C????????OC???????OO???????O????????GC???????@G????????G_????????I?????????F"
