---
source: umol-models-graph/tests/mol_parsing/mod.rs
expression: summary
---
atom_count: 49
bond_count: 56
sum_formula: C49
graph6: pqO_gOC?OA?C?C?A??_?G??o??_??_??O??E???O??@???A???C???A????_???C????O???@????@_????O????C?????_????B?????A?????A?????@??????_?????C??????O??????_??????_??????_??????K???????_??????A???????C???????F
