---
source: umol-models-graph/tests/mol_parsing/mod.rs
expression: summary
---
atom_count: 80
bond_count: 109
sum_formula: C80
graph6: ~?@OhEGGC@_G?_@O@??_?H?@??C??G_?G??C??@A??G???_O?@???@????_G??G???@????C?_??G????G?O??C????@?????G?G???_????@??O??@??????_?????G?@???@??????C??G???G??????G??????C??C???@???????G??A????_??????@???????@???G????_???????G???O???@????????C???A????G????????G????????C???@????@?????????G????_????_????????@?????????@????A?????_?????????G????C????@??????????C?????_????G??????A??????????????C???????O??@???????????G???????G???_??????????@???????????@????????_???_???????????G???????@???@????????????C????????G???G????????????G????????C???C
