---
source: umol-models-graph/tests/mol_parsing/mod.rs
expression: summary
---
atom_count: 46
bond_count: 48
sum_formula: C34N6O6
graph6: mhEGO_OG@??__?_??_?????C??G??G??C??P?_A???A???O???_??@????_???@???C????O????@???????????@?????G?????_????@?????P???A?G?????@??????O?????C??????O??????C?????A??????@????????_?
