---
source: umol-models-graph/tests/mol_parsing/mod.rs
expression: summary
---
atom_count: 81
bond_count: 84
sum_formula: C49H4N8O20
graph6: "~?@Ps`?O__@??_@?@??_?G?@??C??O??O??C??@???G???_??H???G???C????_C???????C????G????G????C????@?????G?????_????A?????A??????_?????G?????@??????C?????@G?????@???????G??????G?O??????@?????????????A???????@????????_???????G???????@????????C????????G????????O????????G????????@?????????G?????????_????????@?????????H??????????_????????A??????????G???????A?????????????G??????????G??????????C??????????@???????????G???????????_??????????@???????????C???????????@????????????G???????????@????????????C???????????@G????????????G???????????@?????????????O"
