---
source: umol-models-graph/tests/mol_parsing/mod.rs
expression: summary
---
atom_count: 50
bond_count: 50
sum_formula: C11H27BN7O4+7
graph6: "qhEH?C@?H?`??C?OO??@?@???G?_?A?????????GC??G???C????_???@?????_???C????O????O????O????G????@?????G?????_?????_?????_?????O?????A??????O?????@??????@??????@???????_??????C???????_??????@???????A???????A?????"
