---
source: umol-models-graph/tests/mol_parsing/mod.rs
expression: summary
---
atom_count: 55
bond_count: 59
sum_formula: C38KN2O12S2
graph6: vsCGGC@?G?_A?@??_?G?@??C?AG?@???C??@???G???_??C???@????_???G??@?????C????G????O????O????@?????G?????_????@???_?P?????A??????G?????A???O???@????????????GG?????C??????@??????@C??????????????????????@????????_???????G???????@???????@C????????G??????C?G
