---
source: umol-models-graph/tests/mol_parsing/mod.rs
expression: summary
---
atom_count: 70
bond_count: 91
sum_formula: C70
graph6: "~?@Ehe?IC??G?_@?H?G??G?`?????G??G??C??H??A????_??`????????_???G???@????c???A?????G???AC??????????G?????_????@?????H?????G??????G?????`?????????????G??????G??????C??????H??????A????????_??????`????????????????_???????G???????@????????c???????A?????????G???????ACC???????@A???????G????????GG???????O@???????CC???????A?G???????GG???????@?C???????@@????????A?G????????__????????O@????????@@?????????G?_?????????"
