---
source: umol-models-graph/tests/mol_parsing/mod.rs
expression: summary
---
atom_count: 103
bond_count: 112
sum_formula: C67H4BF2N12O15S2
graph6: ~?@fqKOGC@?GAO?C?@??C??_??C??G??O??_G?????G??????@???@???A????W????????C???AO???GO???A????O@???G?????_????A???????A??????_?????G?????@??????C??????G??????G??G???C??????A??????C???????O???????G???????@????????_???????O???????@????????_?????A????????A????????A?????O?_???????????A?????????O??????????O?????????@?????????_??????????_?????????@??????????C?????????????????????G??????????C??????????@???????????G??????????G_??????????O???????????@???????????O_??????????@????????????_????????????K???????????_???????????@??????????????_???????????@??????????????G?????????????_????????????@?????????????H?????????????O??????????????G?????????????@??????????????C????????????@?G??????????????_??????????????C??????????????@???????????????G???????????????_??????????????@???????????????@????????????????_???????????????G???????????????@??????????A?????C????????????????O??????????????@??
