---
source: umol-models-graph/tests/mol_parsing/mod.rs
expression: summary
---
atom_count: 57
bond_count: 61
sum_formula: C27H16O14
graph6: "xhEG_C@AH??O?G??_?G?@??C?AG??_?????????G??A???D?O?A????????????????C?????????_????_g???H`???G????@????????????????????_?????_?????D_?????G??????????????????????????@??????????????A???????GI??????H`??????_???????O??G???????O??????????G????????G???????A?????????_??????"
