---
source: umol-models-graph/tests/mol_parsing/mod.rs
expression: summary
---
atom_count: 64
bond_count: 60
sum_formula: C36N8O16S4
graph6: "~?@?s`AA?_C?O?_?@?@??O?@?????G??O??O??G??@???G???_???_???O???C????_????C????O????O????C??????????G????@?????C?????G?????C?????A??????_?????A??????C??????C??????A???????@???????O??????@???????@????????????????_???????O???????C????????_???????@????????A????????A?????????_????????C?????????O?????????_?????????@?????????@??????????O?????????@"
