---
source: umol-models-graph/tests/mol_parsing/mod.rs
expression: summary
---
atom_count: 104
bond_count: 103
sum_formula: C69O35
graph6: "~?@g`?Go?@_O??@????_???@??g?D??O???C??@???G???_??@????????_?A?O???AG???C???C?????G????C????@?????G?????_????@?????@??????_?????G?????@??????CC????????????G??????C??????????????G??????????????@????????????????_??????@O???????g???????G?????????G????????G????????C????????@?????????G??????????????????@????????OA?????????@G?????????G?????????_??????????C??????????G??????????G??????????C??????????@???????????G???????????_??????????@???????????@????????????_???????????G@???????????????????????C????????????G?????????????????????????C??????????????????????????W????????????K???????????????????????????@????????????????????????????G??????A?????????????????????C?????????????a??????????????H??????????????AO????????????_?????????????????G???????????????_?????@????????????????????????@????????????????_???????????????G???????????????@????????????????C????????????????G???????????????O?????????????????C"
