---
source: umol-models-graph/tests/mol_parsing/mod.rs
expression: summary
---
atom_count: 76
bond_count: 80
sum_formula: C34H34N4O4
graph6: ~?@KhCGGC@?G?_@?@?@???@@?????G??G??C??@??CG??O????A??@????_???G???@????C????G????G??G?CC??@?????C??????_????@????@C??????_??G?G???C????O?C??@??????@??????@???????O??????C???????C???????A???????C???????A???????@????????A????????G????????_???????@?????????O?????????_????????A?????????O?????????_????????@?????????@??????????C??????????C??????????G??????????G??????????G??????????G??????????@???????????O??????????A???????????C???????????C???????????C???????????A????????????G?????
