---
source: umol-models-graph/tests/mol_parsing/mod.rs
expression: summary
---
atom_count: 49
bond_count: 53
sum_formula: C36N3O6PS
graph6: phEK?C@OGC?@?@?O_@??@?@C?@???G??G?_?G?????????@???@????_???G???P????G????G????O???A?????@?????G????@???????????@??????_?????G?????@?????@C?????A???????G?????AC??????G??????@????????_??????@???????@
