---
source: umol-models-graph/tests/mol_parsing/mod.rs
expression: results
---
expected_category: extended_molecule_lenient
category: extended_molecule_lenient
molecule:
  success: false
  error:
    error_type: InvalidAtomLine
    message: "Invalid atom line at line 23, col 31"
molecule_lenient:
  success: false
  error:
    error_type: InvalidAtomLine
    message: "Invalid atom line at line 23, col 31"
extended_molecule:
  success: false
  error:
    error_type: MissingMEndTag
    message: Missing M  END tag at line 145
extended_molecule_lenient:
  success: true
  extended_summary:
    sum_formula: C52FNOS+2
    atom_count: 61
    bond_count: 60
    extended_atoms: 5
    extended_bonds: 9
    property_count: 0
    rgroup_count: 0
    sgroup_count: 1
