---
source: umol-models-graph/tests/mol_parsing/mod.rs
expression: results
---
expected_category: extended_molecule_lenient
category: extended_molecule_lenient
molecule:
  success: false
  error:
    error_type: UnsupportedLegacyAtomList
    message: Unsupported legacy atom list at line 11
molecule_lenient:
  success: false
  error:
    error_type: UnsupportedLegacyAtomList
    message: Unsupported legacy atom list at line 11
extended_molecule:
  success: false
  error:
    error_type: UnsupportedLegacyAtomList
    message: Unsupported legacy atom list at line 11
extended_molecule_lenient:
  success: true
  extended_summary:
    sum_formula: "[L]4"
    atom_count: 4
    bond_count: 3
    extended_atoms: 4
    extended_bonds: 0
    property_count: 0
    rgroup_count: 0
    sgroup_count: 0
