---
source: umol-models-graph/tests/mol_parsing/mod.rs
expression: summary
---
atom_count: 48
bond_count: 63
sum_formula: C48
graph6: "ohEGOC@@G_?@?`??_?GA@?@???G?AG?O???@??AH??????H???A????_???G???H????C???_G????G????C???O@?????G??G??_??O???????@??G???_????@??????HO?????????A??G??????_??????C?????A@??????@????????_???G??@"
