---
source: umol-models-graph/tests/mol_parsing/mod.rs
expression: summary
---
atom_count: 56
bond_count: 58
sum_formula: C27N7O18P3S
graph6: "w_C`?CC?GAC@@??C_G?C??C???_?A???g??A?G???@???@????@???@????_??@?????C????O????_????O????@?????O????A???????????@??????_?????G?????@??????C??????G??????G??????C??????@?????G?G??????@???????C???????O???????_??????C?C?????G??S???????A?????????????????OO????????"
