---
source: umol-models-graph/tests/mol_parsing/mod.rs
expression: results
---
expected_category: extended_molecule_lenient
category: extended_molecule_lenient
molecule:
  success: false
  error:
    error_type: InvalidPropertyLine
    message: "Invalid property line at line 28, col 0"
molecule_lenient:
  success: false
  error:
    error_type: InvalidPropertyLine
    message: "Invalid property line at line 28, col 0"
extended_molecule:
  success: false
  error:
    error_type: MissingMEndTag
    message: Missing M  END tag at line 29
extended_molecule_lenient:
  success: true
  extended_summary:
    sum_formula: C12
    atom_count: 12
    bond_count: 12
    extended_atoms: 0
    extended_bonds: 0
    property_count: 0
    rgroup_count: 0
    sgroup_count: 0
