---
source: umol-models-graph/tests/mol_parsing/mod.rs
expression: results
---
expected_category: molecule
category: molecule
molecule:
  success: true
  summary:
    sum_formula: C6N4O2
    atom_count: 12
    bond_count: 11
    property_count: 0
molecule_lenient:
  success: true
  summary:
    sum_formula: C6N4O2
    atom_count: 12
    bond_count: 11
    property_count: 0
extended_molecule:
  success: true
  extended_summary:
    sum_formula: C6N4O2
    atom_count: 12
    bond_count: 11
    extended_atoms: 0
    extended_bonds: 0
    property_count: 0
    rgroup_count: 0
    sgroup_count: 0
extended_molecule_lenient:
  success: true
  extended_summary:
    sum_formula: C6N4O2
    atom_count: 12
    bond_count: 11
    extended_atoms: 0
    extended_bonds: 0
    property_count: 0
    rgroup_count: 0
    sgroup_count: 0
