---
source: umol-models-graph/tests/mol_parsing/mod.rs
expression: summary
---
atom_count: 80
bond_count: 83
sum_formula: C24H39N5O12
graph6: ~?@OsG_GGP?GC?@?A?@??_?D??C??G?????C??A???_??@???C???@???@??C?G???a???C?????GA?????????????@?????G?????_????@?????P?????@??????G?????AA????OA??????A??????A???????_??????C???????_???????_???????O???????G???????A????????_???????A????????C????????A????????@?????????O????????A?????????O?????????_?????????_?????????O?????????C??????????_?????????A??????????C??????????C??????????C??????????@???????????A???????????O???????????_??????????@????????????_???????????C????????????_???????????A????????????A?????????????O????????????O??????
