---
source: umol-models-graph/tests/mol_parsing/mod.rs
expression: results
---
expected_category: molecule
category: molecule
molecule:
  success: true
  summary:
    sum_formula: C140BCl3F4Fe5N2O11P6SW
    atom_count: 174
    bond_count: 251
    property_count: 0
molecule_lenient:
  success: true
  summary:
    sum_formula: C140BCl3F4Fe5N2O11P6SW
    atom_count: 174
    bond_count: 251
    property_count: 0
extended_molecule:
  success: true
  extended_summary:
    sum_formula: C140BCl3F4Fe5N2O11P6SW
    atom_count: 174
    bond_count: 251
    extended_atoms: 0
    extended_bonds: 0
    property_count: 0
    rgroup_count: 0
    sgroup_count: 0
extended_molecule_lenient:
  success: true
  extended_summary:
    sum_formula: C140BCl3F4Fe5N2O11P6SW
    atom_count: 174
    bond_count: 251
    extended_atoms: 0
    extended_bonds: 0
    property_count: 0
    rgroup_count: 0
    sgroup_count: 0
