---
source: umol-models-graph/tests/mol_parsing/mod.rs
expression: summary
---
atom_count: 60
bond_count: 90
sum_formula: C60
graph6: "{hEK?D@?H?A??@??`?G?@@?C??GC?GA????@???g???_??`???@??C?_???G?A?@?B????????????G????C????@?????G??????????@????@@????C?_?O???G????C@?????O???????G??????G????@?C??????@?????C?G???????_????@?@????G@??????_???_???????g???O???@???????AC???_????G??????@?G??A?????C?O????A?@????A?E????o????G???????b????"
