---
source: umol-models-graph/tests/mol_parsing/mod.rs
expression: summary
---
atom_count: 70
bond_count: 105
sum_formula: C70
graph6: "~?@EqL?GGA?W_?H?A?@??WO???c??O??O??K_????@G??@???A???B_??????@GC??A????G????W?A???????C??_???????W??C?@?????@???O???????@_???_?O?????@????_????????W????O?O??????C????C?????????W@?????@???????@?C???_?????????@_???????_???????A????????K????@???O?????_???????????K?????C??A??????O???????????@_?????A??A??????@????????????@_??????G??O???????`????????????K??????????G????????O?G????????A?C?????????G@??????????PG"
