---
source: umol-models-graph/tests/mol_parsing/mod.rs
expression: summary
---
atom_count: 78
bond_count: 83
sum_formula: C68N4O6
graph6: "~?@MP???CE???`aE?C???G???????G??G?????@??????????@???@????????G???@??????????????G?????????????????????_????E????????????_????KO????E?O????_???????G??????G?????????????????????????????_??????E????????????????_??????KO??????E?????B??_?????W????????_????????????C???B????@????_????????o?????_??E?????????G????????????????_??W??????G??C?????????????????C??W???????G?@_?????????@??????????????????????????????????????????????????????@???????????E????????????????????????G??????????@a???????????W?_?????????@??"
