---
source: umol-models-graph/tests/mol_parsing/mod.rs
expression: summary
---
atom_count: 46
bond_count: 44
sum_formula: C38FeO4P2W
graph6: "msP@@?OC?O?`?_?O?C??_??o??o?????C??A???_??A???G???G???G???A????_???A????CG???C????A?????_????C?????E?????E????????????_???????????@?????????????G?????????????C???????????????"
