---
source: umol-models-graph/tests/mol_parsing/mod.rs
expression: results
---
expected_category: molecule
category: molecule
molecule:
  success: true
  summary:
    sum_formula: C39H5N10O14S
    atom_count: 69
    bond_count: 73
    property_count: 1
molecule_lenient:
  success: true
  summary:
    sum_formula: C39H5N10O14S
    atom_count: 69
    bond_count: 73
    property_count: 1
extended_molecule:
  success: true
  extended_summary:
    sum_formula: C39H5N10O14S
    atom_count: 69
    bond_count: 73
    extended_atoms: 0
    extended_bonds: 0
    property_count: 1
    rgroup_count: 0
    sgroup_count: 0
extended_molecule_lenient:
  success: true
  extended_summary:
    sum_formula: C39H5N10O14S
    atom_count: 69
    bond_count: 73
    extended_atoms: 0
    extended_bonds: 0
    property_count: 1
    rgroup_count: 0
    sgroup_count: 0
