---
source: umol-models-graph/tests/mol_parsing/mod.rs
expression: summary
---
atom_count: 69
bond_count: 75
sum_formula: C51H4Cl4N3O7
graph6: ~?@DpSAGI@??A_E?C??_?O?GG???????G??C??@???G??G_??G???_???@????W???A????G????G????G???G?????C???G?????_????????????@????????????W?????A?????@??????C??????AG?????C???????H??????G???????_???????B??????A??????@????????A????????_?????????????????AG???????O????????C?????????G????????C?????????C_?????O?????????G?????????O?????????@???????????G???????????A???????????G??????????O??????@????????????O??
