---
source: umol-models-graph/tests/smiles_parsing/mod.rs
expression: results
---
expected_category: chemaxon
category: chemaxon
basic_opensmiles:
  success: false
  error:
    error_type: InvalidBracket
    message: Invalid bracket at position 15
opensmiles:
  success: true
  summary:
    sum_formula: O3S2-*
    atom_count: 6
    bond_count: 5
