---
source: umol-models-graph/tests/smiles_parsing/mod.rs
expression: results
---
expected_category: chemaxon
category: chemaxon
basic_opensmiles:
  success: false
  error:
    error_type: InvalidElement
    message: Invalid element at position 16
opensmiles:
  success: true
  summary:
    sum_formula: C18Cl2Zr*2
    atom_count: 23
    bond_count: 24
