---
source: umol-graph/tests/resolution/mod.rs
expression: "results.to_edn().to_string_with(&FormatConfig::default())"
---
{
  :atom-typing {
    :output {
      :atoms ["C#h3#v" "C#h2#v2" "S#n2#v2" "C#v4" "N#n#v3"]
      :bonds [[0 1 :single] [1 2 :single] [2 3 :single] [3 4 :triple]]}
    :success true}
  :counts {
    :output {
      :atoms ["C#h3#v" "C#h2#v2" "S#n2#v2" "C#v4" "N#n#v3"]
      :bonds [[0 1 :single] [1 2 :single] [2 3 :single] [3 4 :triple]]}
    :success true}}
