---
source: umol-graph/tests/resolution/mod.rs
expression: edn_to_string_pretty(&results).unwrap()
---
{
  :atom-typing {
    :output {:atoms ["Fe#c+2#n#u4"] :bonds [] :charge 2 :spin "#u4#s5"}
    :success true}
  :counts {
    :output {:atoms ["Fe#c+2#n#u4"] :bonds [] :charge 2 :spin "#u4#s5"}
    :success true}}
