---
source: umol-models-graph/tests/resolution/mod.rs
expression: edn_to_string(&results).unwrap()
---
{:atom-typing {:success true :output {:atoms {"0" "B#u#v2" "1" "O#n2#v2"} :bonds [["0" "1" "2"]] :charge 0 :spin "#u1 #s2"}} :counts {:success true :output {:atoms {"0" "B#u#v2" "1" "O#n2#v2"} :bonds [["0" "1" "2"]] :charge 0 :spin "#u1 #s2"}}}
