---
source: umol-graph/tests/resolution/mod.rs
expression: edn_to_string_pretty(&results).unwrap()
---
{
  :atom-typing {
    :output {
      :atoms [
        "C#h#v3"
        "C#h2#v2"
        "C#h2#v2"
        "C#h2#v2"
        "C#h#v3"
        "C#h2#v2"
        "C#h2#v2"
        "C#h2#v2"]
      :bonds [
        [0 1 :single]
        [1 2 :single]
        [2 3 :single]
        [3 4 :single]
        [0 4 :single]
        [4 5 :single]
        [5 6 :single]
        [6 7 :single]
        [0 7 :single]]
      :charge 0
      :spin "#u0 #s1"}
    :success true}
  :counts {
    :output {
      :atoms [
        "C#h#v3"
        "C#h2#v2"
        "C#h2#v2"
        "C#h2#v2"
        "C#h#v3"
        "C#h2#v2"
        "C#h2#v2"
        "C#h2#v2"]
      :bonds [
        [0 1 :single]
        [1 2 :single]
        [2 3 :single]
        [3 4 :single]
        [0 4 :single]
        [4 5 :single]
        [5 6 :single]
        [6 7 :single]
        [0 7 :single]]
      :charge 0
      :spin "#u0 #s1"}
    :success true}}
