---
source: umol-graph/tests/resolution/mod.rs
expression: edn_to_string_pretty(&results).unwrap()
---
{
  :atom-typing {
    :output {:atoms ["Es#n5#u3"] :bonds [] :charge 0 :spin "#u3#s4"}
    :success true}
  :counts {
    :output {:atoms ["Es#n6#u"] :bonds [] :charge 0 :spin "#u1#s2"}
    :success true}}
