---
source: umol-graph/tests/resolution/mod.rs
expression: edn_to_string_pretty(&results).unwrap()
---
{
  :atom-typing {
    :output {
      :atoms ["Se#n2#u#v" "H#v"]
      :bonds [[0 1 :single]]
      :charge 0
      :spin "#u1 #s2"}
    :success true}
  :counts {
    :output {
      :atoms ["Se#n2#u#v" "H#v"]
      :bonds [[0 1 :single]]
      :charge 0
      :spin "#u1 #s2"}
    :success true}}
