---
source: umol-graph/tests/resolution/mod.rs
expression: edn_to_string_pretty(&results).unwrap()
---
{
  :atom-typing {
    :output {:atoms ["Mo#c+2#n#u2"] :bonds [] :charge 2 :spin "#u2 #s3"}
    :success true}
  :counts {
    :output {:atoms ["Mo#c+2#n#u2"] :bonds [] :charge 2 :spin "#u2 #s3"}
    :success true}}
