---
source: umol-graph/tests/resolution/mod.rs
expression: edn_to_string_pretty(&results).unwrap()
---
{
  :atom-typing {
    :output {
      :atoms ["Si#u2#v2" "H#v" "H#v"]
      :bonds [[0 1 :single] [0 2 :single]]
      :charge 0
      :spin "#u2#s3"}
    :success true}
  :counts {
    :output {
      :atoms ["Si#u2#v2" "H#v" "H#v"]
      :bonds [[0 1 :single] [0 2 :single]]
      :charge 0
      :spin "#u2#s3"}
    :success true}}
