---
source: umol-graph/tests/resolution/mod.rs
expression: edn_to_string(&results).unwrap()
---
{:atom-typing {:success true :output {:atoms ["C#h3#v" "C#h2#v2" "C#h3#v"] :bonds [[0 1 "1"] [1 2 "1"]] :charge 0 :spin "#u0 #s1"}} :counts {:success true :output {:atoms ["C#h3#v" "C#h2#v2" "C#h3#v"] :bonds [[0 1 "1"] [1 2 "1"]] :charge 0 :spin "#u0 #s1"}}}
