---
source: umol-graph/tests/resolution/mod.rs
expression: edn_to_string_pretty(&results).unwrap()
---
{
  :atom-typing {
    :output {
      :atoms ["Si#c+#v3" "Cl#n3#v" "Cl#n3#v" "Cl#n3#v"]
      :bonds [[0 1 :single] [0 2 :single] [0 3 :single]]
      :charge 1
      :spin "#u0 #s1"}
    :success true}
  :counts {
    :output {
      :atoms ["Si#c+#v3" "Cl#n3#v" "Cl#n3#v" "Cl#n3#v"]
      :bonds [[0 1 :single] [0 2 :single] [0 3 :single]]
      :charge 1
      :spin "#u0 #s1"}
    :success true}}
