---
source: umol-graph/tests/resolution/mod.rs
expression: edn_to_string_pretty(&results).unwrap()
---
{
  :atom-typing {
    :output {:atoms ["Ru#c+3#n2#u"] :bonds [] :charge 3 :spin "#u1 #s2"}
    :success true}
  :counts {
    :output {:atoms ["Ru#c+3#n2#u"] :bonds [] :charge 3 :spin "#u1 #s2"}
    :success true}}
