---
source: umol-graph/tests/resolution/mod.rs
expression: "results.to_edn().to_string_with(&FormatConfig::default())"
---
{
  :atom-typing {
    :output {
      :aromatic-systems [{:atoms [0 1 2 3 4 5 6 7 8 9] :type "[1,1,1,1,1,1,1,1,1,1]"}]
      :atoms [
        "C#h#v2#a"
        "C#h#v2#a"
        "C#h#v2#a"
        "C#v3#a"
        "C#v3#a"
        "C#h#v2#a"
        "C#h#v2#a"
        "C#h#v2#a"
        "C#h#v2#a"
        "C#h#v2#a"]
      :bonds [
        [0 1 :aromatic]
        [1 2 :aromatic]
        [2 3 :aromatic]
        [3 4 :aromatic]
        [4 5 :aromatic]
        [0 5 :aromatic]
        [3 6 :aromatic]
        [6 7 :aromatic]
        [7 8 :aromatic]
        [8 9 :aromatic]
        [4 9 :aromatic]]}
    :success true}
  :counts {
    :output {
      :aromatic-systems [{:atoms [0 1 2 3 4 5 6 7 8 9] :type "[1,1,1,1,1,1,1,1,1,1]"}]
      :atoms [
        "C#h#v2#a"
        "C#h#v2#a"
        "C#h#v2#a"
        "C#v3#a"
        "C#v3#a"
        "C#h#v2#a"
        "C#h#v2#a"
        "C#h#v2#a"
        "C#h#v2#a"
        "C#h#v2#a"]
      :bonds [
        [0 1 :aromatic]
        [1 2 :aromatic]
        [2 3 :aromatic]
        [3 4 :aromatic]
        [4 5 :aromatic]
        [0 5 :aromatic]
        [3 6 :aromatic]
        [6 7 :aromatic]
        [7 8 :aromatic]
        [8 9 :aromatic]
        [4 9 :aromatic]]}
    :success true}}
