---
source: umol-graph/tests/resolution/mod.rs
expression: edn_to_string(&results).unwrap()
---
{:atom-typing {:success true :output {:atoms ["P#n#u#v2" "H#v" "H#v"] :bonds [[0 1 "1"] [0 2 "1"]] :charge 0 :spin "#u1 #s2"}} :counts {:success true :output {:atoms ["P#n#u#v2" "H#v" "H#v"] :bonds [[0 1 "1"] [0 2 "1"]] :charge 0 :spin "#u1 #s2"}}}
