---
source: umol-graph/tests/resolution/mod.rs
expression: "results.to_edn().to_string_with(&FormatConfig::default())"
---
{
  :atom-typing {
    :output {
      :atoms ["Cl#n2#v3" "F#n3#v" "F#n3#v" "F#n3#v"]
      :bonds [[0 1 :single] [0 2 :single] [0 3 :single]]}
    :success true}
  :counts {
    :output {
      :atoms ["Cl#n2#v3" "F#n3#v" "F#n3#v" "F#n3#v"]
      :bonds [[0 1 :single] [0 2 :single] [0 3 :single]]}
    :success true}}
