---
source: umol-graph/tests/resolution/mod.rs
expression: "results.to_edn().to_string_with(&FormatConfig::default())"
---
{
  :atom-typing {
    :output {
      :aromatic [{:atoms [0 1 2 3 4]}]
      :atoms ["C#h#v2#a" "N#h#v2#a2" "C#h#v2#a" "C#h#v2#a" "N#n#v2#a"]
      :bonds [[0 1 "1#a"] [1 2 "1#a"] [2 3 "1#a"] [3 4 "1#a"] [4 0 "1#a"]]
      :constraints [{:aromatic-electron-count [0 6]}]}
    :success true}
  :counts {
    :output {
      :aromatic [{:atoms [0 1 2 3 4]}]
      :atoms ["C#h#v2#a" "N#h#v2#a2" "C#h#v2#a" "C#h#v2#a" "N#n#v2#a"]
      :bonds [[0 1 "1#a"] [1 2 "1#a"] [2 3 "1#a"] [3 4 "1#a"] [4 0 "1#a"]]
      :constraints [{:aromatic-electron-count [0 6]}]}
    :success true}}
