---
source: umol-graph/tests/resolution/mod.rs
expression: edn_to_string_pretty(&results).unwrap()
---
{
  :atom-typing {
    :output {:atoms ["Pm#n#u5"] :bonds [] :charge 0 :spin "#u5#s6"}
    :success true}
  :counts {
    :output {:atoms ["Pm#n3#u"] :bonds [] :charge 0 :spin "#u1#s2"}
    :success true}}
