---
source: umol-graph/tests/resolution/mod.rs
expression: edn_to_string(&results).unwrap()
---
{:atom-typing {:success true :output {:atoms {"0" "O#c+#n#v3" "1" "H#v" "2" "H#v" "3" "H#v"} :bonds [[0 1 "1"] [0 2 "1"] [0 3 "1"]] :charge 1 :spin "#u0 #s1"}} :counts {:success true :output {:atoms {"0" "O#c+#n#v3" "1" "H#v" "2" "H#v" "3" "H#v"} :bonds [[0 1 "1"] [0 2 "1"] [0 3 "1"]] :charge 1 :spin "#u0 #s1"}}}
