---
source: umol-graph/tests/resolution/mod.rs
expression: edn_to_string_pretty(&results).unwrap()
---
{
  :atom-typing {
    :output {:atoms ["U#c+5#u"] :bonds [] :charge 5 :spin "#u1#s2"}
    :success true}
  :counts {
    :output {:atoms ["U#c+5#u"] :bonds [] :charge 5 :spin "#u1#s2"}
    :success true}}
