---
source: umol-graph/tests/resolution/mod.rs
expression: "results.to_edn().to_string_with(&FormatConfig::default())"
---
{
  :atom-typing-most-saturated {
    :output {
      :atoms ["C" "C#h3" "C#h3" "C#h3" "C#h3"]
      :bonds [[0 1 :single] [0 2 :single] [0 3 :single] [0 4 :single]]}
    :success true
    :tie-breaks [1 2 3 4]}
  :atom-typing-strict {
    :success false
    :tie-breaks []
    :unresolved {
      1 [
        "C#h3#v#d0#t0#a!#m!"
        "C#h2#u#v#d0#t0#a!#m!"
        "C#h#u2#v#d0#t0#a!#m!"
        "C#h#n#v#d0#t0#a!#m!"
        "C#n#u#v#d0#t0#a!#m!"
        "C#u3#v#d0#t0#a!#m!"]
      2 [
        "C#h3#v#d0#t0#a!#m!"
        "C#h2#u#v#d0#t0#a!#m!"
        "C#h#u2#v#d0#t0#a!#m!"
        "C#h#n#v#d0#t0#a!#m!"
        "C#n#u#v#d0#t0#a!#m!"
        "C#u3#v#d0#t0#a!#m!"]
      3 [
        "C#h3#v#d0#t0#a!#m!"
        "C#h2#u#v#d0#t0#a!#m!"
        "C#h#u2#v#d0#t0#a!#m!"
        "C#h#n#v#d0#t0#a!#m!"
        "C#n#u#v#d0#t0#a!#m!"
        "C#u3#v#d0#t0#a!#m!"]
      4 [
        "C#h3#v#d0#t0#a!#m!"
        "C#h2#u#v#d0#t0#a!#m!"
        "C#h#u2#v#d0#t0#a!#m!"
        "C#h#n#v#d0#t0#a!#m!"
        "C#n#u#v#d0#t0#a!#m!"
        "C#u3#v#d0#t0#a!#m!"]}}
  :counts-most-saturated {
    :output {
      :atoms ["C" "C#h3" "C#h3" "C#h3" "C#h3"]
      :bonds [[0 1 :single] [0 2 :single] [0 3 :single] [0 4 :single]]}
    :success true
    :tie-breaks [1 2 3 4]}
  :counts-strict {
    :success false
    :tie-breaks []
    :unresolved {
      1 ["C#n#u#v#a!" "C#h#n#v#a!" "C#h2#u#v#a!" "C#h3#v#a!"]
      2 ["C#n#u#v#a!" "C#h#n#v#a!" "C#h2#u#v#a!" "C#h3#v#a!"]
      3 ["C#n#u#v#a!" "C#h#n#v#a!" "C#h2#u#v#a!" "C#h3#v#a!"]
      4 ["C#n#u#v#a!" "C#h#n#v#a!" "C#h2#u#v#a!" "C#h3#v#a!"]}}}
