---
source: umol-graph/tests/resolution/mod.rs
expression: edn_to_string_pretty(&results).unwrap()
---
{
  :atom-typing {
    :output {:atoms ["Ho#c+3#n3#u4"] :bonds [] :charge 3 :spin "#u4#s5"}
    :success true}
  :counts {
    :output {:atoms ["Ho#c+3#n5"] :bonds [] :charge 3 :spin "#u0#s1"}
    :success true}}
