---
source: umol-graph/tests/resolution/mod.rs
expression: edn_to_string_pretty(&results).unwrap()
---
{
  :atom-typing {
    :output {:atoms ["Eu#c+2#u7"] :bonds [] :charge 2 :spin "#u7 #s8"}
    :success true}
  :counts {
    :output {:atoms ["Eu#c+2#n3#u"] :bonds [] :charge 2 :spin "#u1 #s2"}
    :success true}}
