---
source: umol-models-graph/tests/resolution/mod.rs
expression: edn_to_string(&results).unwrap()
---
{:atom-typing {:success true :output {:atoms {"0" "Tb#c+4#u7"} :bonds [] :charge 4 :spin "#u7 #s8"}} :counts {:success true :output {:atoms {"0" "Tb#c+4#n3#u"} :bonds [] :charge 4 :spin "#u1 #s2"}}}
