---
source: umol-graph/tests/resolution/mod.rs
expression: edn_to_string(&results).unwrap()
---
{:atom-typing {:success true :output {:atoms ["Cl#n2#v3" "F#n3#v" "F#n3#v" "F#n3#v"] :bonds [[0 1 "1"] [0 2 "1"] [0 3 "1"]] :charge 0 :spin "#u0 #s1"}} :counts {:success true :output {:atoms ["Cl#n2#v3" "F#n3#v" "F#n3#v" "F#n3#v"] :bonds [[0 1 "1"] [0 2 "1"] [0 3 "1"]] :charge 0 :spin "#u0 #s1"}}}
