---
source: umol-graph/tests/resolution/mod.rs
expression: "results.to_edn().to_string_with(&FormatConfig::default())"
---
{
  :atom-typing {
    :output {
      :aromatic [{:atoms [0 1 2 3 4 5]} {:atoms [6 7 8 9 10 11]}]
      :atoms [
        "C#v3#a"
        "C#h#v2#a"
        "C#h#v2#a"
        "C#h#v2#a"
        "C#h#v2#a"
        "C#h#v2#a"
        "C#v3#a"
        "C#h#v2#a"
        "C#h#v2#a"
        "C#h#v2#a"
        "C#h#v2#a"
        "C#h#v2#a"]
      :bonds [
        [0 1 "1#a"]
        [1 2 "1#a"]
        [2 3 "1#a"]
        [3 4 "1#a"]
        [4 5 "1#a"]
        [5 0 "1#a"]
        [6 7 "1#a"]
        [7 8 "1#a"]
        [8 9 "1#a"]
        [9 10 "1#a"]
        [10 11 "1#a"]
        [11 6 "1#a"]
        [0 6 "1"]]}
    :success true}
  :counts {
    :output {
      :aromatic [{:atoms [0 1 2 3 4 5]} {:atoms [6 7 8 9 10 11]}]
      :atoms [
        "C#v3#a"
        "C#h#v2#a"
        "C#h#v2#a"
        "C#h#v2#a"
        "C#h#v2#a"
        "C#h#v2#a"
        "C#v3#a"
        "C#h#v2#a"
        "C#h#v2#a"
        "C#h#v2#a"
        "C#h#v2#a"
        "C#h#v2#a"]
      :bonds [
        [0 1 "1#a"]
        [1 2 "1#a"]
        [2 3 "1#a"]
        [3 4 "1#a"]
        [4 5 "1#a"]
        [5 0 "1#a"]
        [6 7 "1#a"]
        [7 8 "1#a"]
        [8 9 "1#a"]
        [9 10 "1#a"]
        [10 11 "1#a"]
        [11 6 "1#a"]
        [0 6 "1"]]}
    :success true}}
