---
source: umol-graph/tests/resolution/mod.rs
expression: edn_to_string(&results).unwrap()
---
{:atom-typing {:success true :output {:atoms ["C#v4" "O#n2#v2" "O#h#n2#v" "C#h#v3" "O#h#n2#v" "C#h#v3" "O#h#n2#v" "C#v4" "O#n2#v2" "O#h#n2#v"] :bonds [[0 1 "2"] [0 2 "1"] [0 3 "1"] [3 4 "1"] [3 5 "1"] [5 6 "1"] [5 7 "1"] [7 8 "2"] [7 9 "1"]] :charge 0 :spin "#u0 #s1"}} :counts {:success true :output {:atoms ["C#v4" "O#n2#v2" "O#h#n2#v" "C#h#v3" "O#h#n2#v" "C#h#v3" "O#h#n2#v" "C#v4" "O#n2#v2" "O#h#n2#v"] :bonds [[0 1 "2"] [0 2 "1"] [0 3 "1"] [3 4 "1"] [3 5 "1"] [5 6 "1"] [5 7 "1"] [7 8 "2"] [7 9 "1"]] :charge 0 :spin "#u0 #s1"}}}
