---
source: umol-graph/tests/resolution/mod.rs
expression: "results.to_edn().to_string_with(&FormatConfig::default())"
---
{
  :atom-typing-most-saturated {
    :output {
      :atoms ["C#h3" "C#h2" "P#c+" "C#h3" "C#h2" "C#h2" "C#h3" "C#h" "C#h3" "C#h3"]
      :bonds [
        [0 1 :single]
        [1 2 :single]
        [2 3 :single]
        [2 4 :single]
        [4 5 :single]
        [5 6 :single]
        [2 7 :single]
        [7 8 :single]
        [7 9 :single]]
      :stereo-atoms [{:attrs :cw :ligands [1 3 4 7] :site 2}]}
    :success true
    :tie-breaks [0 1 3 4 5 6 7 8 9]}
  :atom-typing-strict {
    :success false
    :tie-breaks []
    :unresolved {
      0 [
        "C#h3#v#d0#t0#a!#m!"
        "C#h2#u#v#d0#t0#a!#m!"
        "C#h#u2#v#d0#t0#a!#m!"
        "C#h#n#v#d0#t0#a!#m!"
        "C#n#u#v#d0#t0#a!#m!"
        "C#u3#v#d0#t0#a!#m!"]
      1 [
        "C#h2#v2#d0#t0#a!#m!"
        "C#h#u#v2#d0#t0#a!#m!"
        "C#u2#v2#d0#t0#a!#m!"
        "C#n#v2#d0#t0#a!#m!"]
      3 [
        "C#h3#v#d0#t0#a!#m!"
        "C#h2#u#v#d0#t0#a!#m!"
        "C#h#u2#v#d0#t0#a!#m!"
        "C#h#n#v#d0#t0#a!#m!"
        "C#n#u#v#d0#t0#a!#m!"
        "C#u3#v#d0#t0#a!#m!"]
      4 [
        "C#h2#v2#d0#t0#a!#m!"
        "C#h#u#v2#d0#t0#a!#m!"
        "C#u2#v2#d0#t0#a!#m!"
        "C#n#v2#d0#t0#a!#m!"]
      5 [
        "C#h2#v2#d0#t0#a!#m!"
        "C#h#u#v2#d0#t0#a!#m!"
        "C#u2#v2#d0#t0#a!#m!"
        "C#n#v2#d0#t0#a!#m!"]
      6 [
        "C#h3#v#d0#t0#a!#m!"
        "C#h2#u#v#d0#t0#a!#m!"
        "C#h#u2#v#d0#t0#a!#m!"
        "C#h#n#v#d0#t0#a!#m!"
        "C#n#u#v#d0#t0#a!#m!"
        "C#u3#v#d0#t0#a!#m!"]
      7 ["C#h#v3#d0#t0#a!#m!" "C#u#v3#d0#t0#a!#m!"]
      8 [
        "C#h3#v#d0#t0#a!#m!"
        "C#h2#u#v#d0#t0#a!#m!"
        "C#h#u2#v#d0#t0#a!#m!"
        "C#h#n#v#d0#t0#a!#m!"
        "C#n#u#v#d0#t0#a!#m!"
        "C#u3#v#d0#t0#a!#m!"]
      9 [
        "C#h3#v#d0#t0#a!#m!"
        "C#h2#u#v#d0#t0#a!#m!"
        "C#h#u2#v#d0#t0#a!#m!"
        "C#h#n#v#d0#t0#a!#m!"
        "C#n#u#v#d0#t0#a!#m!"
        "C#u3#v#d0#t0#a!#m!"]}}
  :counts-most-saturated {
    :output {
      :atoms ["C#h3" "C#h2" "P#c+" "C#h3" "C#h2" "C#h2" "C#h3" "C#h" "C#h3" "C#h3"]
      :bonds [
        [0 1 :single]
        [1 2 :single]
        [2 3 :single]
        [2 4 :single]
        [4 5 :single]
        [5 6 :single]
        [2 7 :single]
        [7 8 :single]
        [7 9 :single]]
      :stereo-atoms [{:attrs :cw :ligands [1 3 4 7] :site 2}]}
    :success true
    :tie-breaks [0 1 3 4 5 6 7 8 9]}
  :counts-strict {
    :success false
    :tie-breaks []
    :unresolved {
      0 ["C#n#u#v#a!" "C#h#n#v#a!" "C#h2#u#v#a!" "C#h3#v#a!"]
      1 ["C#n#v2#a!" "C#h#u#v2#a!" "C#h2#v2#a!"]
      3 ["C#n#u#v#a!" "C#h#n#v#a!" "C#h2#u#v#a!" "C#h3#v#a!"]
      4 ["C#n#v2#a!" "C#h#u#v2#a!" "C#h2#v2#a!"]
      5 ["C#n#v2#a!" "C#h#u#v2#a!" "C#h2#v2#a!"]
      6 ["C#n#u#v#a!" "C#h#n#v#a!" "C#h2#u#v#a!" "C#h3#v#a!"]
      7 ["C#u#v3#a!" "C#h#v3#a!"]
      8 ["C#n#u#v#a!" "C#h#n#v#a!" "C#h2#u#v#a!" "C#h3#v#a!"]
      9 ["C#n#u#v#a!" "C#h#n#v#a!" "C#h2#u#v#a!" "C#h3#v#a!"]}}}
