---
source: umol-graph/tests/resolution/mod.rs
expression: "results.to_edn().to_string_with(&FormatConfig::default())"
---
{
  :atom-typing-most-saturated {:output {:atoms ["N#h3#n"] :bonds []} :success true :tie-breaks []}
  :atom-typing-strict {:output {:atoms ["N#h3#n"] :bonds []} :success true :tie-breaks []}
  :counts-most-saturated {:output {:atoms ["N#h3#n"] :bonds []} :success true :tie-breaks []}
  :counts-strict {:output {:atoms ["N#h3#n"] :bonds []} :success true :tie-breaks []}}
