---
source: umol-graph/tests/resolution/mod.rs
expression: "results.to_edn().to_string_with(&FormatConfig::default())"
---
{
  :atom-typing {
    :output {
      :atoms ["Sb#c+#v4" "H#v" "H#v" "H#v" "H#v"]
      :bonds [[0 1 "1"] [0 2 "1"] [0 3 "1"] [0 4 "1"]]}
    :success true}
  :counts {
    :output {
      :atoms ["Sb#c+#v4" "H#v" "H#v" "H#v" "H#v"]
      :bonds [[0 1 "1"] [0 2 "1"] [0 3 "1"] [0 4 "1"]]}
    :success true}}
