---
source: umol-graph/tests/resolution/mod.rs
expression: edn_to_string(&results).unwrap()
---
{:atom-typing {:success true :output {:atoms {"0" "C#h#v3" "1" "N#n#v3" "2" "C#h#v3" "3" "C#h#v3"} :bonds [[0 1 "2"] [1 2 "1"] [2 3 "2"] [3 0 "1"]] :charge 0 :spin "#u0 #s1"}} :counts {:success true :output {:atoms {"0" "C#h#v3" "1" "N#n#v3" "2" "C#h#v3" "3" "C#h#v3"} :bonds [[0 1 "2"] [1 2 "1"] [2 3 "2"] [3 0 "1"]] :charge 0 :spin "#u0 #s1"}}}
