---
source: umol-models-graph/tests/smiles_parsing/mod.rs
expression: results
---
expected_category: chemaxon
category: chemaxon
basic_opensmiles:
  success: false
  error:
    error_type: InvalidBracket
    message: Invalid bracket at position 193
opensmiles:
  success: true
  summary:
    sum_formula: C56HN3O31*
    atom_count: 92
    bond_count: 96
