---
source: umol-models-graph/tests/resolution/mod.rs
expression: results
---
category: carbonyl_derivatives
atom_typing:
  success: true
  summary:
    atom_count: 5
    bond_count: 4
    topology: DbC
    atoms:
      - "{CH3v1}"
      - "{Cv4}"
      - "{O/2v2}"
      - "{N/1H1v2}"
      - "{CH3v1}"
    bonds:
      - "-"
      - "="
      - "-"
      - "-"
counts:
  success: true
  summary:
    atom_count: 5
    bond_count: 4
    topology: DbC
    atoms:
      - "{CH3v1}"
      - "{Cv4}"
      - "{O/2v2}"
      - "{N/1H1v2}"
      - "{CH3v1}"
    bonds:
      - "-"
      - "="
      - "-"
      - "-"
