---
source: umol-models-graph/tests/resolution/mod.rs
expression: results
---
category: ions
atom_typing:
  success: false
  error:
    error_type: ValenceAmbiguous
    message: Valence ambiguous for atom Co at index 0 has 2 valence matches
counts:
  success: true
  summary:
    atom_count: 1
    bond_count: 0
    topology: "@"
    atoms:
      - "{Co+2/3^1}"
    bonds: []
