---
source: umol-models-graph/tests/resolution/mod.rs
expression: results
---
category: aromatic
atom_typing:
  success: true
  summary:
    atom_count: 7
    bond_count: 7
    topology: FwGOW
    atoms:
      - "C#v3#a"
      - "C#h#v2#a"
      - "C#h#v2#a"
      - "C#h3#v"
      - "C#h#v2#a"
      - "C#h#v2#a"
      - "C#h#v2#a"
    bonds:
      - "-"
      - "-"
      - "-"
      - "-"
      - "-"
      - "-"
      - "-"
    aromatic_systems:
      - atoms:
          - 0
          - 1
          - 2
          - 4
          - 5
          - 6
        electrons: 6
        charge: 0
counts:
  success: true
  summary:
    atom_count: 7
    bond_count: 7
    topology: FwGOW
    atoms:
      - "C#v3#a"
      - "C#h#v2#a"
      - "C#h#v2#a"
      - "C#h3#v"
      - "C#h#v2#a"
      - "C#h#v2#a"
      - "C#h#v2#a"
    bonds:
      - "-"
      - "-"
      - "-"
      - "-"
      - "-"
      - "-"
      - "-"
    aromatic_systems:
      - atoms:
          - 0
          - 1
          - 2
          - 4
          - 5
          - 6
        electrons: 6
        charge: 0
