---
source: umol-models-graph/tests/resolution/mod.rs
expression: results
---
category: inorganic_ions
atom_typing:
  success: false
  error:
    error_type: ValenceAmbiguous
    message: "Valence ambiguous for atom O at index 1 has 3 valence matches: {O/2v2}, {O/1v2a2}, {O+/1v2a1}"
counts:
  success: true
  summary:
    atom_count: 3
    bond_count: 2
    topology: Bg
    atoms:
      - "{O-/3v1}"
      - "{O/2v2}"
      - "{Hv1}"
    bonds:
      - "-"
      - "-"
