---
source: umol-models-graph/tests/resolution/mod.rs
expression: results
---
category: functional_groups
atom_typing:
  success: true
  summary:
    atom_count: 4
    bond_count: 3
    topology: Cd
    atoms:
      - "{Cl/3v1}"
      - "{CH2v2}"
      - "{CH2v2}"
      - "{Cl/3v1}"
    bonds:
      - "-"
      - "-"
      - "-"
counts:
  success: true
  summary:
    atom_count: 4
    bond_count: 3
    topology: Cd
    atoms:
      - "{Cl/3v1}"
      - "{CH2v2}"
      - "{CH2v2}"
      - "{Cl/3v1}"
    bonds:
      - "-"
      - "-"
      - "-"
