---
source: umol-models-graph/tests/resolution/mod.rs
expression: results
---
category: hydrocarbons
atom_typing:
  success: true
  summary:
    atom_count: 6
    bond_count: 6
    topology: EoaW
    atoms:
      - "{CH1v3}"
      - "{CH1v3}"
      - "{CH2v2}"
      - "{CH1v3}"
      - "{CH2v2}"
      - "{CH1v3}"
    bonds:
      - "="
      - "-"
      - "-"
      - "-"
      - "="
      - "-"
counts:
  success: true
  summary:
    atom_count: 6
    bond_count: 6
    topology: EoaW
    atoms:
      - "{CH1v3}"
      - "{CH1v3}"
      - "{CH2v2}"
      - "{CH1v3}"
      - "{CH2v2}"
      - "{CH1v3}"
    bonds:
      - "="
      - "-"
      - "-"
      - "-"
      - "="
      - "-"
