---
source: umol-models-graph/tests/resolution/mod.rs
expression: results
---
category: carbonyl_derivatives
atom_typing:
  success: true
  summary:
    atom_count: 6
    bond_count: 5
    topology: EoEG
    atoms:
      - "{CH2v2}"
      - "{O/2H1v1}"
      - "{CH1v3}"
      - "{O/2H1v1}"
      - "{CH1v3}"
      - "{O/2v2}"
    bonds:
      - "-"
      - "-"
      - "-"
      - "-"
      - "="
counts:
  success: true
  summary:
    atom_count: 6
    bond_count: 5
    topology: EoEG
    atoms:
      - "{CH2v2}"
      - "{O/2H1v1}"
      - "{CH1v3}"
      - "{O/2H1v1}"
      - "{CH1v3}"
      - "{O/2v2}"
    bonds:
      - "-"
      - "-"
      - "-"
      - "-"
      - "="
