---
source: umol-models-graph/tests/resolution/mod.rs
expression: results
---
category: heterocycles
atom_typing:
  success: true
  summary:
    atom_count: 4
    bond_count: 4
    topology: Cr
    atoms:
      - "C#h#v3"
      - "N#n#v3"
      - "C#h2#v2"
      - "C#h2#v2"
    bonds:
      - "="
      - "-"
      - "-"
      - "-"
counts:
  success: true
  summary:
    atom_count: 4
    bond_count: 4
    topology: Cr
    atoms:
      - "C#h#v3"
      - "N#n#v3"
      - "C#h2#v2"
      - "C#h2#v2"
    bonds:
      - "="
      - "-"
      - "-"
      - "-"
