---
source: umol-models-graph/tests/resolution/mod.rs
expression: results
---
category: carbonyl_derivatives
atom_typing:
  success: true
  summary:
    atom_count: 4
    bond_count: 3
    topology: Cd
    atoms:
      - "{CH3v1}"
      - "{CHv3}"
      - "{N/1v3}"
      - "{OH/2v1}"
    bonds:
      - "-"
      - "="
      - "-"
counts:
  success: true
  summary:
    atom_count: 4
    bond_count: 3
    topology: Cd
    atoms:
      - "{CH3v1}"
      - "{CHv3}"
      - "{N/1v3}"
      - "{OH/2v1}"
    bonds:
      - "-"
      - "="
      - "-"
