---
source: umol-models-graph/tests/resolution/mod.rs
expression: results
---
category: hypervalent
atom_typing:
  success: false
  error:
    error_type: ValenceAmbiguous
    message: "Valence ambiguous for atom O at index 4 has 3 valence matches: {O/2v2}, {O/1v2a2}, {O+/1v2a1}"
counts:
  success: true
  summary:
    atom_count: 14
    bond_count: 16
    topology: "M{?A?A?C??FAXS???"
    atoms:
      - "{Pv5}"
      - "{O/2v2}"
      - "{O/2v2}"
      - "{O/2v2}"
      - "{O/2v2}"
      - "{Pv5}"
      - "{Pv5}"
      - "{Pv5}"
      - "{O/2v2}"
      - "{O/2v2}"
      - "{O/2v2}"
      - "{O/2v2}"
      - "{O/2v2}"
      - "{O/2v2}"
    bonds:
      - "-"
      - "-"
      - "-"
      - "="
      - "-"
      - "-"
      - "-"
      - "-"
      - "-"
      - "="
      - "-"
      - "-"
      - "="
      - "-"
      - "-"
      - "="
