---
source: umol-models-graph/tests/resolution/mod.rs
expression: results
---
category: hypervalent
atom_typing:
  success: true
  summary:
    atom_count: 6
    bond_count: 5
    topology: "E`F?"
    atoms:
      - "H#v"
      - "O#n2#v2"
      - "Cl#v7"
      - "O#n2#v2"
      - "O#n2#v2"
      - "O#n2#v2"
    bonds:
      - "-"
      - "-"
      - "="
      - "="
      - "="
counts:
  success: true
  summary:
    atom_count: 6
    bond_count: 5
    topology: "E`F?"
    atoms:
      - "H#v"
      - "O#n2#v2"
      - "Cl#v7"
      - "O#n2#v2"
      - "O#n2#v2"
      - "O#n2#v2"
    bonds:
      - "-"
      - "-"
      - "="
      - "="
      - "="
