---
source: umol-models-graph/tests/resolution/mod.rs
expression: results
---
category: inorganic_small
atom_typing:
  success: true
  summary:
    atom_count: 3
    bond_count: 2
    topology: Bo
    atoms:
      - "{C^2v2}"
      - "{Hv1}"
      - "{Hv1}"
    bonds:
      - "-"
      - "-"
counts:
  success: true
  summary:
    atom_count: 3
    bond_count: 2
    topology: Bo
    atoms:
      - "{C/1^2v2}"
      - "{Hv1}"
      - "{Hv1}"
    bonds:
      - "-"
      - "-"
