---
source: umol-models-graph/tests/resolution/mod.rs
expression: results
---
category: inorganic_small
atom_typing:
  success: true
  summary:
    atom_count: 2
    bond_count: 1
    topology: A_
    atoms:
      - "{F/3v1}"
      - "{F/3v1}"
    bonds:
      - "-"
counts:
  success: true
  summary:
    atom_count: 2
    bond_count: 1
    topology: A_
    atoms:
      - "{F/3v1}"
      - "{F/3v1}"
    bonds:
      - "-"
