---
source: umol-models-graph/tests/resolution/mod.rs
expression: results
---
category: inorganic_small
atom_typing:
  success: true
  summary:
    atom_count: 3
    bond_count: 2
    topology: Bo
    atoms:
      - "B#u#v2"
      - "F#n3#v"
      - "F#n3#v"
    bonds:
      - "-"
      - "-"
counts:
  success: true
  summary:
    atom_count: 3
    bond_count: 2
    topology: Bo
    atoms:
      - "B#u#v2"
      - "F#n3#v"
      - "F#n3#v"
    bonds:
      - "-"
      - "-"
