---
source: umol-models-graph/tests/resolution/mod.rs
expression: results
---
category: hypervalent
atom_typing:
  success: true
  summary:
    atom_count: 5
    bond_count: 4
    topology: "D{?"
    atoms:
      - "{S/1v4}"
      - "{F/3v1}"
      - "{F/3v1}"
      - "{F/3v1}"
      - "{F/3v1}"
    bonds:
      - "-"
      - "-"
      - "-"
      - "-"
counts:
  success: true
  summary:
    atom_count: 5
    bond_count: 4
    topology: "D{?"
    atoms:
      - "{S/1v4}"
      - "{F/3v1}"
      - "{F/3v1}"
      - "{F/3v1}"
      - "{F/3v1}"
    bonds:
      - "-"
      - "-"
      - "-"
      - "-"
