---
source: umol-models-graph/tests/resolution/mod.rs
expression: results
---
category: atoms
atom_typing:
  success: true
  summary:
    atom_count: 1
    bond_count: 0
    topology: "@"
    atoms:
      - "U#n#u4"
    bonds: []
counts:
  success: true
  summary:
    atom_count: 1
    bond_count: 0
    topology: "@"
    atoms:
      - "U#n3"
    bonds: []
