---
source: umol-models-graph/tests/resolution/mod.rs
expression: results
---
category: inorganic_small
atom_typing:
  success: true
  summary:
    atom_count: 3
    bond_count: 2
    topology: Bg
    atoms:
      - "{O-/3v1}"
      - "{O+/1v3}"
      - "{O/2v2}"
    bonds:
      - "-"
      - "="
counts:
  success: true
  summary:
    atom_count: 3
    bond_count: 2
    topology: Bg
    atoms:
      - "{O-/3v1}"
      - "{O+/1v3}"
      - "{O/2v2}"
    bonds:
      - "-"
      - "="
