---
source: umol-models-graph/tests/resolution/mod.rs
expression: results
---
category: heterocycles
atom_typing:
  success: true
  summary:
    atom_count: 5
    bond_count: 5
    topology: DpK
    atoms:
      - "{NH/1v2}"
      - "{N/1v3}"
      - "{CH2v2}"
      - "{CHv3}"
      - "{CH2v2}"
    bonds:
      - "-"
      - "-"
      - "="
      - "-"
      - "-"
counts:
  success: true
  summary:
    atom_count: 5
    bond_count: 5
    topology: DpK
    atoms:
      - "{NH/1v2}"
      - "{N/1v3}"
      - "{CH2v2}"
      - "{CHv3}"
      - "{CH2v2}"
    bonds:
      - "-"
      - "-"
      - "="
      - "-"
      - "-"
