---
source: umol-models-graph/tests/resolution/mod.rs
expression: results
---
category: ions
atom_typing:
  success: true
  summary:
    atom_count: 1
    bond_count: 0
    topology: "@"
    atoms:
      - "{Ho+3/3^4}"
    bonds: []
counts:
  success: true
  summary:
    atom_count: 1
    bond_count: 0
    topology: "@"
    atoms:
      - "{Ho+3/4}"
    bonds: []
