---
source: umol-models-graph/tests/resolution/mod.rs
expression: results
---
category: carbonyl_derivatives
atom_typing:
  success: true
  summary:
    atom_count: 5
    bond_count: 4
    topology: DaS
    atoms:
      - "C#h3#v"
      - "C#h2#v2"
      - "O#n2#v2"
      - "C#h#v3"
      - "O#n2#v2"
    bonds:
      - "-"
      - "-"
      - "-"
      - "="
counts:
  success: true
  summary:
    atom_count: 5
    bond_count: 4
    topology: DaS
    atoms:
      - "C#h3#v"
      - "C#h2#v2"
      - "O#n2#v2"
      - "C#h#v3"
      - "O#n2#v2"
    bonds:
      - "-"
      - "-"
      - "-"
      - "="
