---
source: umol-models-graph/tests/resolution/mod.rs
expression: results
---
category: functional_groups
atom_typing:
  success: true
  summary:
    atom_count: 6
    bond_count: 5
    topology: EooO
    atoms:
      - "C#h2#v2"
      - "C#h#v3"
      - "O#h#n2#v"
      - "C#h2#v2"
      - "O#h#n2#v"
      - "O#h#n2#v"
    bonds:
      - "-"
      - "-"
      - "-"
      - "-"
      - "-"
counts:
  success: true
  summary:
    atom_count: 6
    bond_count: 5
    topology: EooO
    atoms:
      - "C#h2#v2"
      - "C#h#v3"
      - "O#h#n2#v"
      - "C#h2#v2"
      - "O#h#n2#v"
      - "O#h#n2#v"
    bonds:
      - "-"
      - "-"
      - "-"
      - "-"
      - "-"
