---
source: umol-models-graph/tests/resolution/mod.rs
expression: results
---
category: hypervalent
atom_typing:
  success: true
  summary:
    atom_count: 6
    bond_count: 5
    topology: "E}??"
    atoms:
      - "I#n#v5"
      - "F#n3#v"
      - "F#n3#v"
      - "F#n3#v"
      - "F#n3#v"
      - "F#n3#v"
    bonds:
      - "-"
      - "-"
      - "-"
      - "-"
      - "-"
counts:
  success: true
  summary:
    atom_count: 6
    bond_count: 5
    topology: "E}??"
    atoms:
      - "I#n#v5"
      - "F#n3#v"
      - "F#n3#v"
      - "F#n3#v"
      - "F#n3#v"
      - "F#n3#v"
    bonds:
      - "-"
      - "-"
      - "-"
      - "-"
      - "-"
