---
source: umol-models-graph/tests/resolution/mod.rs
expression: results
---
category: carbonyl_derivatives
atom_typing:
  success: true
  summary:
    atom_count: 10
    bond_count: 9
    topology: Iw???o@_o
    atoms:
      - "{Cv4}"
      - "{O/2v2}"
      - "{OH/2v1}"
      - "{CHv3}"
      - "{OH/2v1}"
      - "{CHv3}"
      - "{OH/2v1}"
      - "{Cv4}"
      - "{O/2v2}"
      - "{OH/2v1}"
    bonds:
      - "="
      - "-"
      - "-"
      - "-"
      - "-"
      - "-"
      - "-"
      - "="
      - "-"
counts:
  success: true
  summary:
    atom_count: 10
    bond_count: 9
    topology: Iw???o@_o
    atoms:
      - "{Cv4}"
      - "{O/2v2}"
      - "{OH/2v1}"
      - "{CHv3}"
      - "{OH/2v1}"
      - "{CHv3}"
      - "{OH/2v1}"
      - "{Cv4}"
      - "{O/2v2}"
      - "{OH/2v1}"
    bonds:
      - "="
      - "-"
      - "-"
      - "-"
      - "-"
      - "-"
      - "-"
      - "="
      - "-"
