---
source: umol-models-graph/tests/resolution/mod.rs
expression: results
---
category: hydrocarbons
atom_typing:
  success: true
  summary:
    atom_count: 5
    bond_count: 10
    topology: "D~{"
    atoms:
      - "C#v4"
      - "C#v4"
      - "C#v4"
      - "C#v4"
      - "C#v4"
    bonds:
      - "-"
      - "-"
      - "-"
      - "-"
      - "-"
      - "-"
      - "-"
      - "-"
      - "-"
      - "-"
counts:
  success: true
  summary:
    atom_count: 5
    bond_count: 10
    topology: "D~{"
    atoms:
      - "C#v4"
      - "C#v4"
      - "C#v4"
      - "C#v4"
      - "C#v4"
    bonds:
      - "-"
      - "-"
      - "-"
      - "-"
      - "-"
      - "-"
      - "-"
      - "-"
      - "-"
      - "-"
