---
source: umol-models-graph/tests/resolution/mod.rs
expression: results
---
category: functional_groups
atom_typing:
  success: true
  summary:
    atom_count: 4
    bond_count: 3
    topology: Cd
    atoms:
      - "{CH3v1}"
      - "{O/2v2}"
      - "{Cv4}"
      - "{N/1v3}"
    bonds:
      - "-"
      - "-"
      - "#"
counts:
  success: true
  summary:
    atom_count: 4
    bond_count: 3
    topology: Cd
    atoms:
      - "{CH3v1}"
      - "{O/2v2}"
      - "{Cv4}"
      - "{N/1v3}"
    bonds:
      - "-"
      - "-"
      - "#"
