---
source: umol-models-graph/tests/resolution/mod.rs
expression: results
---
category: carbonyl_derivatives
atom_typing:
  success: true
  summary:
    atom_count: 7
    bond_count: 6
    topology: Fw?Co
    atoms:
      - "C#v4"
      - "O#n2#v2"
      - "O#h#n2#v"
      - "C#h2#v2"
      - "C#v4"
      - "O#n2#v2"
      - "O#h#n2#v"
    bonds:
      - "="
      - "-"
      - "-"
      - "-"
      - "="
      - "-"
counts:
  success: true
  summary:
    atom_count: 7
    bond_count: 6
    topology: Fw?Co
    atoms:
      - "C#v4"
      - "O#n2#v2"
      - "O#h#n2#v"
      - "C#h2#v2"
      - "C#v4"
      - "O#n2#v2"
      - "O#h#n2#v"
    bonds:
      - "="
      - "-"
      - "-"
      - "-"
      - "="
      - "-"
