---
source: umol-models-graph/tests/resolution/mod.rs
expression: results
---
category: hydrocarbons
atom_typing:
  success: true
  summary:
    atom_count: 8
    bond_count: 9
    topology: GwCCGk
    atoms:
      - "C#h#v3"
      - "C#h2#v2"
      - "C#h2#v2"
      - "C#h2#v2"
      - "C#h2#v2"
      - "C#h2#v2"
      - "C#h2#v2"
      - "C#h#v3"
    bonds:
      - "-"
      - "-"
      - "-"
      - "-"
      - "-"
      - "-"
      - "-"
      - "-"
      - "-"
counts:
  success: true
  summary:
    atom_count: 8
    bond_count: 9
    topology: GwCCGk
    atoms:
      - "C#h#v3"
      - "C#h2#v2"
      - "C#h2#v2"
      - "C#h2#v2"
      - "C#h2#v2"
      - "C#h2#v2"
      - "C#h2#v2"
      - "C#h#v3"
    bonds:
      - "-"
      - "-"
      - "-"
      - "-"
      - "-"
      - "-"
      - "-"
      - "-"
      - "-"
