---
source: umol-models-graph/tests/resolution/mod.rs
expression: results
---
category: functional_groups
atom_typing:
  success: false
  error:
    error_type: ValenceAmbiguous
    message: "Valence ambiguous for atom O at index 2 has 3 valence matches: {O/2v2}, {O/1v2a2}, {O+/1v2a1}"
counts:
  success: true
  summary:
    atom_count: 5
    bond_count: 4
    topology: DaS
    atoms:
      - "{CH3v1}"
      - "{CH2v2}"
      - "{O/2v2}"
      - "{Cv4}"
      - "{N/1v3}"
    bonds:
      - "-"
      - "-"
      - "-"
      - "#"
