---
source: umol-models-graph/tests/resolution/mod.rs
expression: results
---
category: aromatic
atom_typing:
  success: true
  summary:
    atom_count: 5
    bond_count: 5
    topology: DpK
    atoms:
      - "C#c-#h#v2#a2"
      - "C#h#v2#a"
      - "C#h#v2#a"
      - "C#h#v2#a"
      - "C#h#v2#a"
    bonds:
      - "-"
      - "-"
      - "-"
      - "-"
      - "-"
    aromatic_systems:
      - atoms:
          - 0
          - 1
          - 2
          - 3
          - 4
        electrons: 6
        charge: 0
counts:
  success: true
  summary:
    atom_count: 5
    bond_count: 5
    topology: DpK
    atoms:
      - "C#c-#h#v2#a2"
      - "C#h#v2#a"
      - "C#h#v2#a"
      - "C#h#v2#a"
      - "C#h#v2#a"
    bonds:
      - "-"
      - "-"
      - "-"
      - "-"
      - "-"
    aromatic_systems:
      - atoms:
          - 0
          - 1
          - 2
          - 3
          - 4
        electrons: 6
        charge: 0
