---
source: umol-models-graph/tests/resolution/mod.rs
expression: results
---
category: hydrocarbons
atom_typing:
  success: true
  summary:
    atom_count: 5
    bond_count: 4
    topology: DbG
    atoms:
      - "{CH3v1}"
      - "{Cv4}"
      - "{CH1v3}"
      - "{CH3v1}"
      - "{CH3v1}"
    bonds:
      - "-"
      - "="
      - "-"
      - "-"
counts:
  success: true
  summary:
    atom_count: 5
    bond_count: 4
    topology: DbG
    atoms:
      - "{CH3v1}"
      - "{Cv4}"
      - "{CH1v3}"
      - "{CH3v1}"
      - "{CH3v1}"
    bonds:
      - "-"
      - "="
      - "-"
      - "-"
