---
source: umol-models-graph/tests/resolution/mod.rs
expression: results
---
category: functional_groups
atom_typing:
  success: true
  summary:
    atom_count: 5
    bond_count: 4
    topology: DaW
    atoms:
      - "C#h3#v"
      - "C#h2#v2"
      - "N#c+#v4"
      - "O#n2#v2"
      - "O#c-#n3#v"
    bonds:
      - "-"
      - "-"
      - "="
      - "-"
counts:
  success: true
  summary:
    atom_count: 5
    bond_count: 4
    topology: DaW
    atoms:
      - "C#h3#v"
      - "C#h2#v2"
      - "N#c+#v4"
      - "O#n2#v2"
      - "O#c-#n3#v"
    bonds:
      - "-"
      - "-"
      - "="
      - "-"
