---
source: umol-models-graph/tests/resolution/mod.rs
expression: results
---
category: hypervalent
atom_typing:
  success: true
  summary:
    atom_count: 7
    bond_count: 6
    topology: "F_`oG"
    atoms:
      - "{Hv1}"
      - "{O/2v2}"
      - "{Sv6}"
      - "{O/2v2}"
      - "{O/2v2}"
      - "{O/2v2}"
      - "{Hv1}"
    bonds:
      - "-"
      - "-"
      - "="
      - "="
      - "-"
      - "-"
counts:
  success: true
  summary:
    atom_count: 7
    bond_count: 6
    topology: "F_`oG"
    atoms:
      - "{Hv1}"
      - "{O/2v2}"
      - "{Sv6}"
      - "{O/2v2}"
      - "{O/2v2}"
      - "{O/2v2}"
      - "{Hv1}"
    bonds:
      - "-"
      - "-"
      - "="
      - "="
      - "-"
      - "-"
