---
source: umol-models-graph/tests/resolution/mod.rs
expression: results
---
category: functional_groups
atom_typing:
  success: true
  summary:
    atom_count: 5
    bond_count: 4
    topology: Db_
    atoms:
      - "{CH3v1}"
      - "{Cv4}"
      - "{CH3v1}"
      - "{CH3v1}"
      - "{OH/2v1}"
    bonds:
      - "-"
      - "-"
      - "-"
      - "-"
counts:
  success: true
  summary:
    atom_count: 5
    bond_count: 4
    topology: Db_
    atoms:
      - "{CH3v1}"
      - "{Cv4}"
      - "{CH3v1}"
      - "{CH3v1}"
      - "{OH/2v1}"
    bonds:
      - "-"
      - "-"
      - "-"
      - "-"
