---
source: umol-models-graph/tests/resolution/mod.rs
expression: results
---
category: inorganic_ions
atom_typing:
  success: true
  summary:
    atom_count: 3
    bond_count: 2
    topology: Bo
    atoms:
      - "As#c-#n2#v2"
      - "H#v"
      - "H#v"
    bonds:
      - "-"
      - "-"
counts:
  success: true
  summary:
    atom_count: 3
    bond_count: 2
    topology: Bo
    atoms:
      - "As#c-#n2#v2"
      - "H#v"
      - "H#v"
    bonds:
      - "-"
      - "-"
