---
source: umol-models-graph/tests/sdf_parsing/mod.rs
expression: results
---
expected_category: invalid
category: invalid
molecule:
  success: false
  compound_count: 0
  error:
    error_type: InvalidCountsLine
    message: Invalid counts line at line 87
molecule_lenient:
  success: false
  compound_count: 0
  error:
    error_type: InvalidCountsLine
    message: Invalid counts line at line 87
extended_molecule:
  success: false
  compound_count: 0
  error:
    error_type: InvalidCountsLine
    message: Invalid counts line at line 87
extended_molecule_lenient:
  success: false
  compound_count: 0
  error:
    error_type: InvalidCountsLine
    message: Invalid counts line at line 87
