---
source: umol-models-graph/tests/sdf_parsing/mod.rs
expression: results
---
expected_category: molecule
category: molecule
molecule:
  success: true
  compound_count: 1
  summaries:
    - sum_formula: C19H28O2
      atom_count: 49
      bond_count: 52
      property_count: 23
molecule_lenient:
  success: true
  compound_count: 1
  summaries:
    - sum_formula: C19H28O2
      atom_count: 49
      bond_count: 52
      property_count: 23
extended_molecule:
  success: true
  compound_count: 1
  extended_summaries:
    - sum_formula: C19H28O2
      atom_count: 49
      bond_count: 52
      extended_atoms: 0
      extended_bonds: 0
      property_count: 23
      rgroup_count: 0
      sgroup_count: 0
extended_molecule_lenient:
  success: true
  compound_count: 1
  extended_summaries:
    - sum_formula: C19H28O2
      atom_count: 49
      bond_count: 52
      extended_atoms: 0
      extended_bonds: 0
      property_count: 23
      rgroup_count: 0
      sgroup_count: 0
