---
source: umol-io/tests/sdf_parsing/mod.rs
expression: results
---
expected_category: invalid
category: invalid
molecule:
  success: false
  compound_count: 0
  error:
    error_type: MissingDelimiter
    message: Missing record delimiter at line 250
molecule_lenient:
  success: false
  compound_count: 0
  error:
    error_type: MissingDelimiter
    message: Missing record delimiter at line 250
extended_molecule:
  success: false
  compound_count: 0
  error:
    error_type: MissingDelimiter
    message: Missing record delimiter at line 250
extended_molecule_lenient:
  success: false
  compound_count: 0
  error:
    error_type: MissingDelimiter
    message: Missing record delimiter at line 250
