---
source: umol-io/tests/sdf_parsing/mod.rs
expression: results
---
expected_category: invalid
category: invalid
molecule:
  success: false
  compound_count: 0
  error:
    error_type: InvalidCountsLine
    message: "Invalid counts line at line 42, col 3"
molecule_lenient:
  success: false
  compound_count: 0
  error:
    error_type: InvalidCountsLine
    message: "Invalid counts line at line 42, col 3"
extended_molecule:
  success: false
  compound_count: 0
  error:
    error_type: InvalidCountsLine
    message: "Invalid counts line at line 42, col 3"
extended_molecule_lenient:
  success: false
  compound_count: 0
  error:
    error_type: InvalidCountsLine
    message: "Invalid counts line at line 42, col 3"
