---
source: umol-models-graph/tests/mol_parsing/mod.rs
expression: results
---
expected_category: extended_molecule
category: extended_molecule
molecule:
  success: false
  error:
    error_type: InvalidBondLine
    message: "Invalid bond line at line 11, col 0"
molecule_lenient:
  success: false
  error:
    error_type: InvalidBondLine
    message: "Invalid bond line at line 11, col 0"
extended_molecule:
  success: true
  extended_summary:
    sum_formula: C6
    atom_count: 6
    bond_count: 5
    extended_atoms: 0
    extended_bonds: 1
    property_count: 0
    rgroup_count: 0
    sgroup_count: 0
extended_molecule_lenient:
  success: true
  extended_summary:
    sum_formula: C6
    atom_count: 6
    bond_count: 5
    extended_atoms: 0
    extended_bonds: 1
    property_count: 0
    rgroup_count: 0
    sgroup_count: 0
