---
source: umol-io/tests/mol_parsing/mod.rs
expression: results
---
expected_category: molecule_lenient
category: molecule_lenient
molecule:
  success: false
  error:
    error_type: InvalidCountsLine
    message: "Invalid counts line at line 3, col 38"
molecule_lenient:
  success: true
  summary:
    sum_formula: CO
    atom_count: 2
    bond_count: 1
    property_count: 0
extended_molecule:
  success: false
  error:
    error_type: InvalidCountsLine
    message: "Invalid counts line at line 3, col 38"
extended_molecule_lenient:
  success: true
  extended_summary:
    sum_formula: CO
    atom_count: 2
    bond_count: 1
    extended_atoms: 0
    extended_bonds: 0
    property_count: 0
    rgroup_count: 0
    sgroup_count: 0
