---
source: umol-io/tests/mol_parsing/mod.rs
expression: results
---
expected_category: extended_molecule
category: extended_molecule
molecule:
  success: false
  error:
    error_type: InvalidAtomLine
    message: "Invalid atom line at line 4, col 31"
molecule_lenient:
  success: false
  error:
    error_type: InvalidAtomLine
    message: "Invalid atom line at line 4, col 31"
extended_molecule:
  success: true
  extended_summary:
    sum_formula: "*"
    atom_count: 1
    bond_count: 0
    extended_atoms: 1
    extended_bonds: 0
    property_count: 0
    rgroup_count: 0
    sgroup_count: 0
extended_molecule_lenient:
  success: true
  extended_summary:
    sum_formula: "*"
    atom_count: 1
    bond_count: 0
    extended_atoms: 1
    extended_bonds: 0
    property_count: 0
    rgroup_count: 0
    sgroup_count: 0
