---
source: umol-io/tests/mol_parsing/mod.rs
expression: results
---
expected_category: invalid
category: invalid
molecule:
  success: false
  error:
    error_type: InvalidAtomLine
    message: "Invalid atom line at line 8, col 31"
molecule_lenient:
  success: false
  error:
    error_type: InvalidAtomLine
    message: "Invalid atom line at line 8, col 31"
extended_molecule:
  success: false
  error:
    error_type: InvalidAtomLine
    message: "Invalid atom line at line 8, col 31"
extended_molecule_lenient:
  success: false
  error:
    error_type: InvalidAtomLine
    message: "Invalid atom line at line 8, col 31"
