---
source: umol-io/tests/mol_parsing/mod.rs
expression: results
---
expected_category: invalid
category: invalid
molecule:
  success: false
  error:
    error_type: UnsupportedLegacyAtomList
    message: Unsupported legacy atom list at line 18
molecule_lenient:
  success: false
  error:
    error_type: UnsupportedLegacyAtomList
    message: Unsupported legacy atom list at line 18
extended_molecule:
  success: false
  error:
    error_type: UnsupportedLegacyAtomList
    message: Unsupported legacy atom list at line 18
extended_molecule_lenient:
  success: false
  error:
    error_type: InvalidAtomLine
    message: "Invalid atom line at line 6, col 42"
