---
source: umol-models-graph/tests/mol/real_world.rs
expression: snapshot
---
format_version: "1.0"
source_file: unknown.mol
metadata:
  atom_count: 1
  bond_count: 0
  has_properties: false
  has_sgroups: false
  has_rgroups: false
atoms:
  - index: 0
    element: Sg
    coordinates:
      - -0.2891
      - 0.8673
      - 0
    charge: 0
    hydrogen_count: ~
    properties: {}
bonds: []
properties:
  charges: []
  isotopes:
    - - 0
      - 14
  radicals: []
validation:
  bond_indices_valid: true
  atom_properties_consistent: true
  molecular_formula: Sg
